[24May2026 21:26:15.087] [main/INFO] [cpw.mods.modlauncher.Launcher/MODLAUNCHER]: ModLauncher running: args [--launchTarget, forgeclientuserdev, --version, 21.1.116, --assetIndex, 17, --assetsDir, C:\Users\Anoop Singh\.gradle\caches\neoformruntime\assets, --gameDir, ., --fml.neoForgeVersion, 21.1.116, --fml.fmlVersion, 4.0.35, --fml.mcVersion, 1.21.1, --fml.neoFormVersion, 20240808.144430]
[24May2026 21:26:15.089] [main/INFO] [cpw.mods.modlauncher.Launcher/MODLAUNCHER]: JVM identified as Eclipse Adoptium OpenJDK 64-Bit Server VM 21.0.11+10-LTS
[24May2026 21:26:15.091] [main/INFO] [cpw.mods.modlauncher.Launcher/MODLAUNCHER]: ModLauncher 11.0.4+main.d2e20e43 starting: java version 21.0.11 by Eclipse Adoptium; OS Windows 11 arch amd64 version 10.0
[24May2026 21:26:15.195] [main/INFO] [net.neoforged.fml.loading.ImmediateWindowHandler/]: Loading ImmediateWindowProvider fmlearlywindow
[24May2026 21:26:15.282] [main/INFO] [EARLYDISPLAY/]: Trying GL version 4.6
[24May2026 21:26:15.416] [main/INFO] [EARLYDISPLAY/]: Requested GL version 4.6 got version 4.6
[24May2026 21:26:15.494] [main/INFO] [mixin/]: SpongePowered MIXIN Subsystem Version=0.8.7 Source=union:/C:/Users/Anoop%20Singh/.gradle/caches/modules-2/files-2.1/net.fabricmc/sponge-mixin/0.15.2+mixin.0.8.7/2af2f021d8e02a0220dc27a7a72b4666d66d44ca/sponge-mixin-0.15.2+mixin.0.8.7.jar%23131!/ Service=ModLauncher Env=CLIENT
[24May2026 21:26:15.601] [pool-2-thread-1/INFO] [EARLYDISPLAY/]: GL info: NVIDIA GeForce RTX 5060/PCIe/SSE2 GL version 4.6.0 NVIDIA 596.49, NVIDIA Corporation
[24May2026 21:26:15.824] [main/INFO] [net.neoforged.fml.loading.moddiscovery.locators.JarInJarDependencyLocator/]: Found 2 dependencies adding them to mods collection
[24May2026 21:26:15.826] [main/INFO] [net.neoforged.fml.loading.moddiscovery.ModDiscoverer/]: 
     Mod List:
		Name Version (Mod Id)

		Curios API 9.0.15+1.21.1 (curios)
		Just Enough Items 19.21.0.247 (jei)
		Minecraft 1.21.1 (minecraft)
		NeoForge 21.1.116 (neoforge)
		Sophisticated Backpacks 3.25.49 (sophisticatedbackpacks)
		Sophisticated Core 1.4.41 (sophisticatedcore)
		Sophisticated Emerald Upgrade 1.0.3-NeoForge-1.21.1 (sophisticated_emerald_upgrade)
		Sophisticated Storage 1.5.50 (sophisticatedstorage)
[24May2026 21:26:16.524] [main/INFO] [mixin/]: Compatibility level set to JAVA_17
[24May2026 21:26:16.535] [main/INFO] [cpw.mods.modlauncher.LaunchServiceHandler/MODLAUNCHER]: Launching target 'forgeclientuserdev' with arguments [--version, 21.1.116, --gameDir, ., --assetsDir, C:\Users\Anoop Singh\.gradle\caches\neoformruntime\assets, --assetIndex, 17]
[24May2026 21:26:16.567] [main/WARN] [mixin/]: Reference map 'curios.refmap.json' for curios.neoforge.mixins.json could not be read. If this is a development environment you can ignore this message
[24May2026 21:26:16.567] [main/WARN] [mixin/]: Reference map 'curios.refmap.json' for curios.mixins.json could not be read. If this is a development environment you can ignore this message
[24May2026 21:26:16.568] [main/WARN] [mixin/]: Reference map 'sophisticated_emerald_upgrade.refmap.json' for sophisticated_emerald_upgrade.mixins.json could not be read. If this is a development environment you can ignore this message
[24May2026 21:26:17.286] [main/INFO] [MixinExtras|Service/]: Initializing MixinExtras via com.llamalad7.mixinextras.service.MixinExtrasServiceImpl(version=0.4.1).
[24May2026 21:26:17.876] [Datafixer Bootstrap/INFO] [com.mojang.datafixers.DataFixerBuilder/]: 229 Datafixer optimizations took 185 milliseconds
[24May2026 21:26:21.526] [main/WARN] [net.minecraft.commands.Commands/]: Ambiguity between arguments [teleport, location] and [teleport, destination] with inputs: [0.1 -0.5 .9, 0 0 0]
[24May2026 21:26:21.527] [main/WARN] [net.minecraft.commands.Commands/]: Ambiguity between arguments [teleport, location] and [teleport, targets] with inputs: [0.1 -0.5 .9, 0 0 0]
[24May2026 21:26:21.530] [main/WARN] [net.minecraft.commands.Commands/]: Ambiguity between arguments [teleport, destination] and [teleport, targets] with inputs: [Player, 0123, @e, dd12be42-52a9-4a91-a8a1-11c01849e498]
[24May2026 21:26:21.531] [main/WARN] [net.minecraft.commands.Commands/]: Ambiguity between arguments [teleport, targets] and [teleport, destination] with inputs: [Player, 0123, dd12be42-52a9-4a91-a8a1-11c01849e498]
[24May2026 21:26:21.531] [main/WARN] [net.minecraft.commands.Commands/]: Ambiguity between arguments [teleport, targets, location] and [teleport, targets, destination] with inputs: [0.1 -0.5 .9, 0 0 0]
[24May2026 21:26:21.625] [Render thread/WARN] [net.minecraft.server.packs.VanillaPackResourcesBuilder/]: Assets URL 'union:/E:/MODS/Sophisticated_Emerald_Upgrade/build/moddev/artifacts/neoforge-21.1.116.jar%23183!/assets/.mcassetsroot' uses unexpected schema
[24May2026 21:26:21.625] [Render thread/WARN] [net.minecraft.server.packs.VanillaPackResourcesBuilder/]: Assets URL 'union:/E:/MODS/Sophisticated_Emerald_Upgrade/build/moddev/artifacts/neoforge-21.1.116.jar%23183!/data/.mcassetsroot' uses unexpected schema
[24May2026 21:26:21.647] [Render thread/INFO] [com.mojang.authlib.yggdrasil.YggdrasilAuthenticationService/]: Environment: Environment[sessionHost=https://sessionserver.mojang.com, servicesHost=https://api.minecraftservices.com, name=PROD]
[24May2026 21:26:21.655] [Render thread/INFO] [net.minecraft.client.Minecraft/]: Setting user: Dev
[24May2026 21:26:21.717] [Render thread/INFO] [net.minecraft.client.Minecraft/]: Backend library: LWJGL version 3.3.3+5
[24May2026 21:26:21.919] [modloading-worker-0/INFO] [net.neoforged.neoforge.common.NeoForgeMod/NEOFORGE-MOD]: NeoForge mod loading, version 21.1.116, for MC 1.21.1
[24May2026 21:26:22.001] [modloading-worker-0/INFO] [mezz.jei.library.load.PluginCaller/]: Sending ConfigManager...
[24May2026 21:26:22.006] [modloading-worker-0/INFO] [mezz.jei.library.load.PluginCaller/]: Sending ConfigManager took 2.196 ms
[24May2026 21:26:22.915] [Render thread/INFO] [net.neoforged.neoforge.gametest.GameTestHooks/]: Enabled Gametest Namespaces: [sophisticated_emerald_upgrade]
[24May2026 21:26:23.167] [Render thread/INFO] [net.minecraft.server.packs.resources.ReloadableResourceManager/]: Reloading ResourceManager: vanilla, mod_resources, mod/sophisticatedbackpacks, mod/sophisticatedcore, mod/curios, mod/sophisticatedstorage, mod/sophisticated_emerald_upgrade, mod/neoforge, mod/jei
[24May2026 21:26:23.263] [Worker-Main-3/INFO] [net.minecraft.client.gui.font.providers.UnihexProvider/]: Found unifont_all_no_pua-15.1.05.hex, loading
[24May2026 21:26:23.341] [Worker-Main-6/INFO] [net.minecraft.client.gui.font.providers.UnihexProvider/]: Found unifont_jp_patch-15.1.05.hex, loading
[24May2026 21:26:24.794] [Render thread/WARN] [net.minecraft.client.sounds.SoundEngine/]: Missing sound for event: minecraft:item.goat_horn.play
[24May2026 21:26:24.794] [Render thread/WARN] [net.minecraft.client.sounds.SoundEngine/]: Missing sound for event: minecraft:entity.goat.screaming.horn_break
[24May2026 21:26:24.838] [Render thread/INFO] [com.mojang.blaze3d.audio.Library/]: OpenAL initialized on device OpenAL Soft on Speakers (Realtek(R) Audio)
[24May2026 21:26:24.838] [Render thread/INFO] [net.minecraft.client.sounds.SoundEngine/SOUNDS]: Sound engine started
[24May2026 21:26:24.933] [Render thread/INFO] [net.minecraft.client.renderer.texture.TextureAtlas/]: Created: 1024x1024x4 minecraft:textures/atlas/blocks.png-atlas
[24May2026 21:26:24.942] [Render thread/INFO] [net.minecraft.client.renderer.texture.TextureAtlas/]: Created: 256x256x4 minecraft:textures/atlas/signs.png-atlas
[24May2026 21:26:24.942] [Render thread/INFO] [net.minecraft.client.renderer.texture.TextureAtlas/]: Created: 512x512x4 minecraft:textures/atlas/shield_patterns.png-atlas
[24May2026 21:26:24.942] [Render thread/INFO] [net.minecraft.client.renderer.texture.TextureAtlas/]: Created: 512x512x4 minecraft:textures/atlas/banner_patterns.png-atlas
[24May2026 21:26:24.943] [Render thread/INFO] [net.minecraft.client.renderer.texture.TextureAtlas/]: Created: 1024x1024x4 minecraft:textures/atlas/armor_trims.png-atlas
[24May2026 21:26:24.945] [Render thread/INFO] [net.minecraft.client.renderer.texture.TextureAtlas/]: Created: 128x64x4 minecraft:textures/atlas/decorated_pot.png-atlas
[24May2026 21:26:24.945] [Render thread/INFO] [net.minecraft.client.renderer.texture.TextureAtlas/]: Created: 1024x512x4 minecraft:textures/atlas/chest.png-atlas
[24May2026 21:26:24.947] [Render thread/INFO] [net.minecraft.client.renderer.texture.TextureAtlas/]: Created: 512x256x4 minecraft:textures/atlas/beds.png-atlas
[24May2026 21:26:24.947] [Render thread/INFO] [net.minecraft.client.renderer.texture.TextureAtlas/]: Created: 512x256x4 minecraft:textures/atlas/shulker_boxes.png-atlas
[24May2026 21:26:25.007] [Render thread/INFO] [net.minecraft.client.renderer.texture.TextureAtlas/]: Created: 512x256x0 minecraft:textures/atlas/particles.png-atlas
[24May2026 21:26:25.007] [Render thread/INFO] [net.minecraft.client.renderer.texture.TextureAtlas/]: Created: 512x256x0 minecraft:textures/atlas/paintings.png-atlas
[24May2026 21:26:25.008] [Render thread/INFO] [net.minecraft.client.renderer.texture.TextureAtlas/]: Created: 256x128x0 minecraft:textures/atlas/mob_effects.png-atlas
[24May2026 21:26:25.008] [Render thread/INFO] [net.minecraft.client.renderer.texture.TextureAtlas/]: Created: 64x64x0 minecraft:textures/atlas/map_decorations.png-atlas
[24May2026 21:26:25.008] [Render thread/INFO] [net.minecraft.client.renderer.texture.TextureAtlas/]: Created: 1024x512x0 minecraft:textures/atlas/gui.png-atlas
[24May2026 21:26:25.026] [Render thread/WARN] [net.minecraft.client.renderer.ShaderInstance/]: Shader rendertype_entity_translucent_emissive could not find sampler named Sampler2 in the specified shader program.
[24May2026 21:26:25.703] [Render thread/INFO] [net.neoforged.neoforge.client.entity.animation.json.AnimationLoader/]: Loaded 0 entity animations
[24May2026 21:26:25.703] [Render thread/INFO] [net.minecraft.client.renderer.texture.TextureAtlas/]: Created: 256x256x0 jei:textures/atlas/gui.png-atlas
[24May2026 21:26:30.697] [Render thread/INFO] [net.minecraft.world.item.crafting.RecipeManager/]: Loaded 1660 recipes
[24May2026 21:26:30.864] [Render thread/INFO] [net.minecraft.advancements.AdvancementTree/]: Loaded 1764 advancements
[24May2026 21:26:30.869] [Render thread/INFO] [Curios API/]: Loaded 10 curio slots
[24May2026 21:26:30.872] [Render thread/INFO] [Curios API/]: Loaded 1 curio entities
[24May2026 21:26:31.282] [Render thread/INFO] [mezz.jei.neoforge.startup.StartEventObserver/]: JEI StartEventObserver received class net.neoforged.neoforge.event.TagsUpdatedEvent too early, ignoring
[24May2026 21:26:31.396] [Server thread/INFO] [net.minecraft.client.server.IntegratedServer/]: Starting integrated minecraft server version 1.21.1
[24May2026 21:26:31.396] [Server thread/INFO] [net.minecraft.server.MinecraftServer/]: Generating keypair
[24May2026 21:26:32.258] [Server thread/INFO] [net.minecraft.server.MinecraftServer/]: Preparing start region for dimension minecraft:overworld
[24May2026 21:26:32.446] [progressListener/INFO] [net.minecraft.server.level.progress.LoggerChunkProgressListener/]: Preparing spawn area: 0%
[24May2026 21:26:32.547] [Server thread/INFO] [net.neoforged.neoforge.server.permission.PermissionAPI/]: Successfully initialized permission handler neoforge:default_handler
[24May2026 21:26:32.558] [progressListener/INFO] [net.minecraft.server.level.progress.LoggerChunkProgressListener/]: Time elapsed: 288 ms
[24May2026 21:26:32.618] [Server thread/INFO] [net.minecraft.client.server.IntegratedServer/]: Changing view distance to 12, from 10
[24May2026 21:26:32.618] [Server thread/INFO] [net.minecraft.client.server.IntegratedServer/]: Changing simulation distance to 12, from 0
[24May2026 21:26:32.974] [Render thread/INFO] [mezz.jei.neoforge.startup.StartEventObserver/]: JEI StartEventObserver received class net.neoforged.neoforge.event.TagsUpdatedEvent
[24May2026 21:26:33.109] [Server thread/INFO] [net.minecraft.server.players.PlayerList/]: Dev[local:E:d9b5ab5e] logged in with entity id 86 at (-207.78021178235576, 70.0, -98.0531700996455)
[24May2026 21:26:33.157] [Server thread/INFO] [net.minecraft.server.MinecraftServer/]: Dev joined the game
[24May2026 21:26:33.252] [Render thread/INFO] [mezz.jei.neoforge.startup.StartEventObserver/]: JEI StartEventObserver received class net.neoforged.neoforge.client.event.RecipesUpdatedEvent
[24May2026 21:26:33.252] [Render thread/INFO] [mezz.jei.neoforge.startup.StartEventObserver/]: JEI StartEventObserver transitioning state from LISTENING to JEI_STARTED
[24May2026 21:26:33.253] [Render thread/INFO] [mezz.jei.core.util.LoggedTimer/]: Starting JEI...
[24May2026 21:26:33.259] [Render thread/INFO] [mezz.jei.library.load.PluginCaller/]: Registering item subtypes...
[24May2026 21:26:33.269] [Render thread/INFO] [mezz.jei.library.load.PluginCaller/]: Registering item subtypes took 10.15 ms
[24May2026 21:26:33.269] [Render thread/INFO] [mezz.jei.library.load.PluginCaller/]: Registering fluid subtypes...
[24May2026 21:26:33.270] [Render thread/INFO] [mezz.jei.library.load.PluginCaller/]: Registering fluid subtypes took 1.011 ms
[24May2026 21:26:33.272] [Render thread/INFO] [mezz.jei.library.load.PluginCaller/]: Registering ingredients...
[24May2026 21:26:33.329] [Render thread/WARN] [mezz.jei.library.plugins.vanilla.ingredients.ItemStackListFactory/]: Item Group has no display items and no search tab display items. Items from this group will be missing from the JEI ingredient list. Operator Utilities
[24May2026 21:26:33.359] [Render thread/INFO] [mezz.jei.library.load.PluginCallerTimerRunnable/]: Registering ingredients: jei:minecraft took 86.84 milliseconds
[24May2026 21:26:33.360] [Render thread/INFO] [mezz.jei.library.load.PluginCaller/]: Registering ingredients took 87.54 ms
[24May2026 21:26:33.360] [Render thread/INFO] [mezz.jei.library.load.PluginCaller/]: Registering extra ingredients...
[24May2026 21:26:33.361] [Render thread/INFO] [mezz.jei.library.load.PluginCaller/]: Registering extra ingredients took 562.6 μs
[24May2026 21:26:33.361] [Render thread/INFO] [mezz.jei.library.load.PluginCaller/]: Registering search ingredient aliases...
[24May2026 21:26:33.362] [Render thread/INFO] [mezz.jei.library.load.PluginCaller/]: Registering search ingredient aliases took 981.4 μs
[24May2026 21:26:33.372] [Render thread/INFO] [mezz.jei.library.load.PluginCaller/]: Registering Mod Info...
[24May2026 21:26:33.373] [Render thread/INFO] [mezz.jei.library.load.PluginCaller/]: Registering Mod Info took 918.8 μs
[24May2026 21:26:33.384] [Render thread/INFO] [mezz.jei.library.load.PluginCaller/]: Registering categories...
[24May2026 21:26:33.396] [Render thread/INFO] [mezz.jei.library.load.PluginCallerTimerRunnable/]: Registering categories: jei:minecraft took 11.38 milliseconds
[24May2026 21:26:33.400] [Render thread/INFO] [mezz.jei.library.load.PluginCaller/]: Registering categories took 15.94 ms
[24May2026 21:26:33.401] [Render thread/INFO] [mezz.jei.library.load.PluginCaller/]: Registering vanilla category extensions...
[24May2026 21:26:33.428] [Render thread/INFO] [mezz.jei.library.load.PluginCallerTimerRunnable/]: Registering vanilla category extensions: sophisticatedbackpacks:default took 25.21 milliseconds
[24May2026 21:26:33.495] [Render thread/INFO] [mezz.jei.library.load.PluginCallerTimerRunnable/]: Registering vanilla category extensions: sophisticatedstorage:default took 65.44 milliseconds
[24May2026 21:26:33.495] [Render thread/INFO] [mezz.jei.library.load.PluginCaller/]: Registering vanilla category extensions took 93.51 ms
[24May2026 21:26:33.495] [Render thread/INFO] [mezz.jei.library.load.PluginCaller/]: Registering recipe catalysts...
[24May2026 21:26:33.496] [Render thread/INFO] [mezz.jei.library.load.PluginCaller/]: Registering recipe catalysts took 982.9 μs
[24May2026 21:26:33.497] [Render thread/INFO] [mezz.jei.core.util.LoggedTimer/]: Building recipe registry...
[24May2026 21:26:33.505] [Render thread/INFO] [mezz.jei.core.util.LoggedTimer/]: Building recipe registry took 7.696 ms
[24May2026 21:26:33.506] [Render thread/INFO] [mezz.jei.library.load.PluginCaller/]: Registering advanced plugins...
[24May2026 21:26:33.508] [Render thread/INFO] [mezz.jei.library.load.registration.AdvancedRegistration/]: Added typed recipe manager plugin: class net.p3pp3rf1y.sophisticatedcore.compat.recipeviewers.jei.GroupedCraftingRecipeManagerPlugin
[24May2026 21:26:33.509] [Render thread/INFO] [mezz.jei.library.load.registration.AdvancedRegistration/]: Added typed recipe manager plugin: class net.p3pp3rf1y.sophisticatedcore.compat.recipeviewers.jei.CraftingDisplayCatalogRecipeManagerPlugin
[24May2026 21:26:33.510] [Render thread/INFO] [mezz.jei.library.load.registration.AdvancedRegistration/]: Added typed recipe manager plugin: class net.p3pp3rf1y.sophisticatedcore.compat.recipeviewers.jei.SmithingSpecRecipeManagerPlugin
[24May2026 21:26:33.510] [Render thread/INFO] [mezz.jei.library.load.registration.AdvancedRegistration/]: Added typed recipe manager plugin: class net.p3pp3rf1y.sophisticatedcore.compat.recipeviewers.jei.GroupedCraftingRecipeManagerPlugin
[24May2026 21:26:33.510] [Render thread/INFO] [mezz.jei.library.load.registration.AdvancedRegistration/]: Added typed recipe manager plugin: class net.p3pp3rf1y.sophisticatedcore.compat.recipeviewers.jei.CraftingDisplayCatalogRecipeManagerPlugin
[24May2026 21:26:33.512] [Render thread/INFO] [mezz.jei.library.load.PluginCaller/]: Registering advanced plugins took 4.786 ms
[24May2026 21:26:33.512] [Render thread/INFO] [mezz.jei.library.load.PluginCaller/]: Registering recipes...
[24May2026 21:26:33.663] [Render thread/INFO] [mezz.jei.library.load.PluginCallerTimerRunnable/]: Registering recipes: jei:minecraft took 150.6 milliseconds
[24May2026 21:26:33.701] [Render thread/INFO] [mezz.jei.library.load.PluginCallerTimerRunnable/]: Registering recipes: jei:internal took 27.22 milliseconds
[24May2026 21:26:33.701] [Render thread/INFO] [mezz.jei.library.load.PluginCaller/]: Registering recipes took 188.5 ms
[24May2026 21:26:33.706] [Render thread/INFO] [mezz.jei.library.load.PluginCaller/]: Registering recipes transfer handlers...
[24May2026 21:26:33.710] [Render thread/INFO] [mezz.jei.library.load.PluginCaller/]: Registering recipes transfer handlers took 3.747 ms
[24May2026 21:26:33.715] [Render thread/INFO] [mezz.jei.core.util.LoggedTimer/]: Building runtime...
[24May2026 21:26:33.717] [Render thread/INFO] [mezz.jei.library.load.PluginCaller/]: Registering gui handlers...
[24May2026 21:26:33.724] [Render thread/INFO] [mezz.jei.library.load.PluginCaller/]: Registering gui handlers took 7.421 ms
[24May2026 21:26:33.726] [Render thread/INFO] [mezz.jei.library.load.PluginCaller/]: Registering Runtime...
[24May2026 21:26:33.729] [Render thread/INFO] [mezz.jei.gui.startup.JeiGuiStarter/]: Starting JEI GUI
[24May2026 21:26:33.729] [Render thread/INFO] [mezz.jei.core.util.LoggedTimer/]: Building ingredient list...
[24May2026 21:26:33.750] [Render thread/INFO] [mezz.jei.core.util.LoggedTimer/]: Building ingredient list took 21.24 ms
[24May2026 21:26:33.750] [Render thread/INFO] [mezz.jei.core.util.LoggedTimer/]: Building ingredient filter...
[24May2026 21:26:33.777] [Render thread/INFO] [mezz.jei.gui.ingredients.IngredientFilter/]: Adding 2374 ingredients
[24May2026 21:26:33.977] [Render thread/INFO] [mezz.jei.gui.ingredients.IngredientFilter/]: Added 2374 ingredients
[24May2026 21:26:33.977] [Render thread/INFO] [mezz.jei.core.util.LoggedTimer/]: Building ingredient filter took 227.0 ms
[24May2026 21:26:34.022] [Render thread/INFO] [mezz.jei.library.load.PluginCallerTimerRunnable/]: Registering Runtime: jei:neoforge_gui took 295.3 milliseconds
[24May2026 21:26:34.024] [Render thread/INFO] [mezz.jei.library.load.PluginCaller/]: Registering Runtime took 296.1 ms
[24May2026 21:26:34.025] [Render thread/INFO] [mezz.jei.core.util.LoggedTimer/]: Building runtime took 308.2 ms
[24May2026 21:26:34.025] [Render thread/INFO] [mezz.jei.library.load.PluginCaller/]: Sending Runtime...
[24May2026 21:26:34.025] [Render thread/INFO] [mezz.jei.library.load.PluginCaller/]: Sending Runtime took 430.3 μs
[24May2026 21:26:34.025] [Render thread/INFO] [mezz.jei.core.util.LoggedTimer/]: Starting JEI took 772.2 ms
[24May2026 21:26:34.039] [Render thread/INFO] [net.minecraft.advancements.AdvancementTree/]: Loaded 47 advancements
[24May2026 21:27:37.627] [Render thread/INFO] [net.minecraft.client.Minecraft/]: Stopping!
[24May2026 21:27:37.631] [Render thread/INFO] [mezz.jei.neoforge.startup.StartEventObserver/]: JEI StartEventObserver received class net.neoforged.neoforge.client.event.ClientPlayerNetworkEvent$LoggingOut
[24May2026 21:27:37.631] [Render thread/INFO] [mezz.jei.neoforge.startup.StartEventObserver/]: JEI StartEventObserver transitioning state from JEI_STARTED to LISTENING
[24May2026 21:27:37.631] [Render thread/INFO] [mezz.jei.library.startup.JeiStarter/]: Stopping JEI
[24May2026 21:27:37.631] [Render thread/INFO] [mezz.jei.library.load.PluginCaller/]: Sending Runtime Unavailable...
[24May2026 21:27:37.632] [Render thread/INFO] [mezz.jei.neoforge.plugins.neoforge.NeoForgeGuiPlugin/]: Stopping JEI GUI
[24May2026 21:27:37.634] [Render thread/INFO] [mezz.jei.library.load.PluginCaller/]: Sending Runtime Unavailable took 3.216 ms
[24May2026 21:27:37.654] [Server thread/INFO] [net.minecraft.server.network.ServerGamePacketListenerImpl/]: Dev lost connection: Disconnected
[24May2026 21:27:37.654] [Server thread/INFO] [net.minecraft.server.MinecraftServer/]: Dev left the game
[24May2026 21:27:37.723] [Server thread/INFO] [net.minecraft.server.network.ServerCommonPacketListenerImpl/]: Stopping singleplayer server as player logged out
[24May2026 21:27:37.762] [Server thread/INFO] [net.minecraft.server.MinecraftServer/]: Stopping server
[24May2026 21:27:37.763] [Server thread/INFO] [net.minecraft.server.MinecraftServer/]: Saving players
[24May2026 21:27:37.763] [Server thread/INFO] [net.minecraft.server.MinecraftServer/]: Saving worlds
[24May2026 21:27:37.841] [Server thread/INFO] [net.minecraft.server.MinecraftServer/]: Saving chunks for level 'ServerLevel[New World]'/minecraft:overworld
[24May2026 21:27:38.571] [Server thread/INFO] [net.minecraft.server.MinecraftServer/]: Saving chunks for level 'ServerLevel[New World]'/minecraft:the_end
[24May2026 21:27:38.637] [Server thread/INFO] [net.minecraft.server.MinecraftServer/]: Saving chunks for level 'ServerLevel[New World]'/minecraft:the_nether
[24May2026 21:27:38.719] [Server thread/INFO] [net.minecraft.server.MinecraftServer/]: ThreadedAnvilChunkStorage (New World): All chunks are saved
[24May2026 21:27:38.719] [Server thread/INFO] [net.minecraft.server.MinecraftServer/]: ThreadedAnvilChunkStorage (DIM1): All chunks are saved
[24May2026 21:27:38.719] [Server thread/INFO] [net.minecraft.server.MinecraftServer/]: ThreadedAnvilChunkStorage (DIM-1): All chunks are saved
[24May2026 21:27:38.719] [Server thread/INFO] [net.minecraft.server.MinecraftServer/]: ThreadedAnvilChunkStorage: All dimensions are saved
